[hotgram.me/index.html]
[backblue.gif]
[fade.gif]
[index.html]
[hotgram.me/styles.29c71222a428dba0956c.css]
[hotgram.me/static/background-16a12e33b4c08ad2a5ee967fc334440a.jpg]
[hotgram.me/icons/icon-48x48435a.png]
[hotgram.me/manifest.webmanifest]
[hotgram.me/icons/icon-72x72435a.png]
[hotgram.me/icons/icon-96x96435a.png]
[hotgram.me/icons/icon-144x144435a.png]
[hotgram.me/icons/icon-192x192435a.png]
[hotgram.me/icons/icon-256x256435a.png]
[hotgram.me/icons/icon-384x384435a.png]
[hotgram.me/icons/icon-512x512435a.png]
[hotgram.me/component---src-pages-index-js-e162b48b43d54a928d8f.js]
[hotgram.me/2-3fb0fb36ca6ccfb3b2b6.js]
[hotgram.me/0-ea1e1f9de66a2c2e19e9.js]
[hotgram.me/app-ad87a6b84f35486c4a1a.js]
[hotgram.me/styles-58902fdcc1275826a3d9.js]
[hotgram.me/webpack-runtime-ab48f7ec25ccf903584a.js]
[hotgram.me/static/d/140/path---index-6a9-0SUcWyAf8ecbYDsMhQkEfPzV8.json]
[hotgram.me/assets/images/logo.svg]
[hotgram.me/assets/images/android.svg]
[hotgram.me/how-to-install-fa/index.html]
[hotgram.me/assets/images/features/1.svg]
[hotgram.me/assets/images/features/2.svg]
[hotgram.me/assets/images/features/3.svg]
[hotgram.me/assets/images/features/4.svg]
[hotgram.me/assets/images/features/5.svg]
[hotgram.me/assets/images/features/6.svg]
[hotgram.me/assets/images/features/7.svg]
[hotgram.me/assets/images/features/9.svg]
[hotgram.me/assets/images/features/8.svg]
[hotgram.me/assets/images/windows.svg]
[hotgram.me/assets/images/linux.svg]
[hotgram.me/assets/images/mac.svg]
[hotgram.me/assets/images/logo-simple.svg]
[hotgram.me/index.html]
[hotgram.me/styles.29c71222a428dba0956c.css]
[hotgram.me/assets/images/logo.svg]
[hotgram.me/assets/images/android.svg]
[hotgram.me/en/index.html]
[hotgram.me/privacy-fa/index.html]
[hotgram.me/component---src-pages-how-to-install-fa-js-c3f7f00458c44e35bc2b.js]
[hotgram.me/static/d/953/path---how-to-install-fa-2-a-2-a07-0SUcWyAf8ecbYDsMhQkEfPzV8.json]
[hotgram.me/assets/images/how-to-download/ht-1.jpg]
[hotgram.me/assets/images/how-to-download/ht-2.jpg]
[hotgram.me/assets/images/how-to-download/ht-6.png]
[hotgram.me/assets/images/how-to-download/ht-4.jpg]
[hotgram.me/assets/images/how-to-download/ht-7.png]
[hotgram.me/assets/images/how-to-download/ht-8.png]
[hotgram.me/assets/images/how-to-download/ht-9.png]
[hotgram.me/assets/images/how-to-download/ht-10.png]
[hotgram.me/assets/images/how-to-download/ht-5.jpg]
[hotgram.me/assets/images/guide/downloading.png]
[hotgram.me/assets/images/guide/win-warning.png]
[hotgram.me/assets/images/guide/login.png]
[hotgram.me/how-to-install-fa/index.html]
[hotgram.me/assets/images/features/1.svg]
[hotgram.me/assets/images/features/2.svg]
[hotgram.me/assets/images/features/3.svg]
[hotgram.me/assets/images/features/4.svg]
[hotgram.me/assets/images/features/5.svg]
[hotgram.me/assets/images/features/6.svg]
[hotgram.me/assets/images/features/7.svg]
[hotgram.me/assets/images/features/9.svg]
[hotgram.me/assets/images/features/8.svg]
[hotgram.me/assets/images/windows.svg]
[hotgram.me/assets/images/linux.svg]
[hotgram.me/assets/images/mac.svg]
[hotgram.me/assets/images/logo-simple.svg]
[hotgram.me/component---src-pages-privacy-fa-js-22b090ef6386253dc6d7.js]
[hotgram.me/privacy-fa/index.html]
[hotgram.me/static/d/777/path---privacy-fa-328-d4f-0SUcWyAf8ecbYDsMhQkEfPzV8.json]
[hotgram.me/component---src-pages-en-js-558b8a135dd984f10e50.js]
[hotgram.me/en/index.html]
[hotgram.me/static/d/770/path---en-310-dec-0SUcWyAf8ecbYDsMhQkEfPzV8.json]
[hotgram.me/privacy/index.html]
[hotgram.me/component---src-pages-privacy-js-0ef2f6c7c1fc7341452e.js]
[hotgram.me/privacy/index.html]
[hotgram.me/static/d/603/path---privacy-06-e-82f-0SUcWyAf8ecbYDsMhQkEfPzV8.json]
